<!doctype html><html><head><title>title</title><link rel="stylesheet" href="https://unpkg.com/missing.css@1.2.0"><link rel="stylesheet" href="/static/site.css"><script src="/static/htmx.js"> </script></head><body hx-boost="true"><main><h1>Chris Jackson</h1><div><div>Phone: 92213</div><div>Email: ChrisJackson@email.com</div></div><p><a href="/contacts/1/edit">Edit</a> <a href="/contacts">Back</a></p></main></body></html>