<!doctype html><html><head><title>title</title><link rel="stylesheet" href="https://unpkg.com/missing.css@1.2.0"><link rel="stylesheet" href="/static/site.css"><script src="/static/htmx.js"> </script></head><body hx-boost="true"><main><form action="/contacts" method="get" class="tool-bar"><label for="search">Search Term</label> <input id="search" type="search" name="q" value=""> <input type="submit" value="Search"></form><table><thead><tr><th>First name</th><th>Last name</th><th>Phone number</th><th>Email </th></tr></thead> <tbody><tr><td>Chris</td><td>Jackson</td><td>92213</td><td>ChrisJackson@email.com</td><td><a href="/contacts/1/edit">Edit</a> <a href="/contacts/1">View</a></td></tr><tr><td>John</td><td>Doe</td><td>754639</td><td>JohnDoe@email.com</td><td><a href="/contacts/2/edit">Edit</a> <a href="/contacts/2">View</a></td></tr><tr></tr></tbody></table><p><a href="/contacts/new">Add Contact</a></p></main></body></html>